[36mChecking inbox for pi...[0m
From https://github.com/usurobor/cn-sigma
   7c12e1fc..d4f20542  main       -> origin/main
[2m  sigma: no inbound[0m
[32m✓ [0mInbox clear
[36mProcessing inbox...[0m
[36mNo new threads to materialize[0m
[36mFlushing 2 thread(s)...[0m
[31m✗ [0mUnknown peer: axiom
[31m✗ [0mUnknown peer: axiom
[32m✓ [0mOutbox flush complete
[32m✓ [0mMaintenance complete (degraded)
[32m✓ [0mDaemon started (telegram poll=1s timeout=30s, sync=300s)
[36mChecking inbox for pi...[0m
[2m  sigma: no inbound[0m
[32m✓ [0mInbox clear
[36mProcessing inbox...[0m
[36mNo new threads to materialize[0m
[32m✓ [0mOutbox clear
[32m✓ [0mMaintenance complete (degraded)
[32m✓ [0mDaemon started (telegram poll=1s timeout=30s, sync=300s)
[36mChecking inbox for pi...[0m
[2m  sigma: no inbound[0m
[32m✓ [0mInbox clear
[36mProcessing inbox...[0m
[36mNo new threads to materialize[0m
